exit: 0
===== /containerd.services.namespaces.v1.Namespaces/List =====
HTTP/2 200 
content-type: application/grpc
grpc-status: 8
grpc-message: grpc: received message larger than max (2016424028 vs. 16777216)

--- body (first 200 bytes) ---
0000000
===== /containerd.services.containers.v1.Containers/List =====
HTTP/2 200 
content-type: application/grpc
grpc-status: 8
grpc-message: grpc: received message larger than max (2016424028 vs. 16777216)

--- body (first 200 bytes) ---
0000000
===== /containerd.services.images.v1.Images/List =====
HTTP/2 200 
content-type: application/grpc
grpc-status: 8
grpc-message: grpc: received message larger than max (2016424028 vs. 16777216)

--- body (first 200 bytes) ---
0000000
===== /containerd.services.tasks.v1.Tasks/List =====
HTTP/2 200 
content-type: application/grpc
grpc-status: 8
grpc-message: grpc: received message larger than max (2016424028 vs. 16777216)

--- body (first 200 bytes) ---
0000000
===== /containerd.services.introspection.v1.Introspection/Plugins =====
HTTP/2 200 
content-type: application/grpc
grpc-status: 8
grpc-message: grpc: received message larger than max (2016424028 vs. 16777216)

--- body (first 200 bytes) ---
0000000
DONE
=== rc: 0 ===

