exit: 0
===== MMDS token flow (IMDS v2) =====
token rc=7 first60=
--- MMDS root with token ---

--- MMDS latest/meta-data ---

===== gRPC on cell.sock with errors (h2c prior) =====
Note: Unnecessary use of -X or --request, POST is already inferred.
*   Trying /mnt/vda2/run/cell/cell.sock:0...
* Established connection to unix (/mnt/vda2/run/cell/cell.sock port 0) from  port 0 
* using HTTP/2
* [HTTP/2] [1] OPENED stream for http://unix/vercel.hive.celld.api.v1.CelldService/RegisterPort
* [HTTP/2] [1] [:method: POST]
* [HTTP/2] [1] [:scheme: http]
* [HTTP/2] [1] [:authority: unix]
* [HTTP/2] [1] [:path: /vercel.hive.celld.api.v1.CelldService/RegisterPort]
* [HTTP/2] [1] [user-agent: curl/8.18.0]
* [HTTP/2] [1] [accept: */*]
* [HTTP/2] [1] [content-type: application/grpc]
* [HTTP/2] [1] [te: trailers]
* [HTTP/2] [1] [content-length: 5]
> POST /vercel.hive.celld.api.v1.CelldService/RegisterPort HTTP/2
> Host: unix
> User-Agent: curl/8.18.0
> Accept: */*
> Content-Type: application/grpc
> TE: trailers
> Content-Length: 5
> 
} [5 bytes data]
* upload completely sent off: 5 bytes
< HTTP/2 404 
< content-type: text/plain; charset=utf-8
< x-content-type-options: nosniff
< content-length: 19
< date: Thu, 20 Aug 2026 14:23:50 GMT
< 

===== gRPC on 30002 with errors =====
Note: Unnecessary use of -X or --request, POST is already inferred.
*   Trying 127.0.0.1:30002...
* Established connection to 127.0.0.1 (127.0.0.1 port 30002) from 127.0.0.1 port 51106 
* using HTTP/2
* [HTTP/2] [1] OPENED stream for http://127.0.0.1:30002/vercel.hive.celld.api.v1.CelldService/RegisterPort
* [HTTP/2] [1] [:method: POST]
* [HTTP/2] [1] [:scheme: http]
* [HTTP/2] [1] [:authority: 127.0.0.1:30002]
* [HTTP/2] [1] [:path: /vercel.hive.celld.api.v1.CelldService/RegisterPort]
* [HTTP/2] [1] [user-agent: curl/8.18.0]
* [HTTP/2] [1] [accept: */*]
* [HTTP/2] [1] [content-type: application/grpc]
* [HTTP/2] [1] [te: trailers]
* [HTTP/2] [1] [content-length: 5]
> POST /vercel.hive.celld.api.v1.CelldService/RegisterPort HTTP/2
> Host: 127.0.0.1:30002
> User-Agent: curl/8.18.0
> Accept: */*
> Content-Type: application/grpc
> TE: trailers
> Content-Length: 5
> 
} [5 bytes data]
* upload completely sent off: 5 bytes
* Recv failure: Connection reset by peer
* Failed receiving HTTP2 data: 56(Failure when receiving data from the peer)
* Send failure: Broken pipe
* Send failure: Broken pipe
* Connection #0 to host 127.0.0.1:30002 left intact

===== gRPC on 23456/30001 with errors =====
--- :23456 ---
* using HTTP/2
* [HTTP/2] [1] OPENED stream for http://127.0.0.1:23456/vercel.hive.celld.api.v1.CelldService/RegisterPort
* [HTTP/2] [1] [:method: POST]
* [HTTP/2] [1] [:scheme: http]
* [HTTP/2] [1] [:authority: 127.0.0.1:23456]
* [HTTP/2] [1] [:path: /vercel.hive.celld.api.v1.CelldService/RegisterPort]
* [HTTP/2] [1] [user-agent: curl/8.18.0]
* [HTTP/2] [1] [accept: */*]
--- :30001 ---
* using HTTP/2
* [HTTP/2] [1] OPENED stream for http://127.0.0.1:30001/vercel.hive.celld.api.v1.CelldService/RegisterPort
* [HTTP/2] [1] [:method: POST]
* [HTTP/2] [1] [:scheme: http]
* [HTTP/2] [1] [:authority: 127.0.0.1:30001]
* [HTTP/2] [1] [:path: /vercel.hive.celld.api.v1.CelldService/RegisterPort]
* [HTTP/2] [1] [user-agent: curl/8.18.0]
* [HTTP/2] [1] [accept: */*]

===== full containerd container get =====
-rw-r--r-- 1 root root 7016 Aug 20 14:23 /tmp/ctr.body
DONE
=== rc: 0 ===

