exit: 0
===== metadata raw TCP =====
169.254.169.254:80 closed/filtered
169.254.169.254:443 closed/filtered
169.254.170.2:80 closed/filtered
169.254.170.2:443 closed/filtered
169.254.169.253:80 closed/filtered
--- IMDS via Host header ---
*   Trying 169.254.169.254:80...
* connect to 169.254.169.254 port 80 from 100.64.25.37 port 42392 failed: No route to host
* Failed to connect to 169.254.169.254 port 80 after 0 ms: Could not connect to server
* closing connection #0
===== VPC TCP scan (common ports) =====
done-scan
===== read /dev/vda =====
000000 58 46 53 42 00 00 10 00 00 00 00 00 00 83 f8 00  >XFSB............<
000010 00 00 00 00 00 00 00 00 00 00 00 00 00 00 00 00  >................<
000020 32 69 ef e3 23 a2 4c 14 94 96 17 f9 d0 0d 8e d7  >2i..#.L.........<
000030 00 00 00 00 00 80 00 08 00 00 00 00 00 00 04 00  >................<
000040 00 00 00 00 00 00 04 01 00 00 00 00 00 00 04 02  >................<
--- dd full first 16MB strings (via od) ---
0000000   X   F   S   B  \0  \0 020  \0  \0  \0  \0  \0  \0 203 370  \0
0000020  \0  \0  \0  \0  \0  \0  \0  \0  \0  \0  \0  \0  \0  \0  \0  \0
0000040   2   i 357 343   # 242   L 024 224 226 027 371 320  \r 216 327
0000060  \0  \0  \0  \0  \0 200  \0  \b  \0  \0  \0  \0  \0  \0 004  \0
0000100  \0  \0  \0  \0  \0  \0 004 001  \0  \0  \0  \0  \0  \0 004 002
0000120  \0  \0  \0 001  \0  \b   ? 200  \0  \0  \0 020  \0  \0  \0  \0
0000140  \0 001   | 320 265 265 002  \0 002  \0  \0  \b  \0  \0  \0  \0
0000160  \0  \0  \0  \0  \0  \0  \0  \0  \f  \t  \t 003 024  \0  \0 031
0000200  \0  \0  \0  \0  \0  \0   c 300  \0  \0  \0  \0  \0  \0 002 006
0000220  \0  \0  \0  \0  \0   ~ 017 327  \0  \0  \0  \0  \0  \0  \0  \0
0000240 377 377 377 377 377 377 377 377 377 377 377 377 377 377 377 377
0000260  \0  \0  \0  \0  \0  \0  \0  \b  \0  \0  \0 200  \0  \0 001  \0
0000300  \0  \0  \0  \0  \0  \0 200  \0  \0  \0 001 212  \0  \0 001 212
0000320  \0  \0  \0  \0  \0  \0  \0  \r  \0  \0  \0  \v  \0  \0  \0  \0
0000340 314 243   e 270  \0  \0  \0 004 377 377 377 377 377 377 377 377
0000360  \0  \0  \0 001  \0  \0   b  \0  \0  \0  \0  \0  \0  \0  \0  \0
0000400  \0  \0  \0  \0  \0  \0  \0  \0  \0  \0  \0  \0  \0  \0  \0  \0
*
0001000   X   A   G   F  \0  \0  \0 001  \0  \0  \0  \0  \0  \b   ? 200
0001020  \0  \0  \0 001  \0  \0  \0 002  \0  \0  \0  \0  \0  \0  \0 001
0001040  \0  \0  \0 001  \0  \0  \0  \0  \0  \0  \0 001  \0  \0  \0 004
0001060  \0  \0  \0 004  \0  \b   / 250  \0  \b   / 243  \0  \0  \0  \0
0001100   2   i 357 343   # 242   L 024 224 226 027 371 320  \r 216 327
0001120  \0  \0  \0  \0  \0  \0  \0 001  \0  \0  \0 005  \0  \0  \0 001
0001140  \0  \0  \0  \0  \0  \0  \0  \0  \0  \0  \0  \0  \0  \0  \0  \0
*
0001320  \0  \0  \0 001  \0  \0   ^  \0 367   z 212   )  \0  \0  \0  \0
0001340  \0  \0  \0  \0  \0  \0  \0  \0  \0  \0  \0  \0  \0  \0  \0  \0
*
0002000   X   A   G   I  \0  \0  \0 001  \0  \0  \0  \0  \0  \b   ? 200
0002020  \0  \0 005  \0  \0  \0  \0 003  \0  \0  \0 001  \0  \0  \0  \b
0002040  \0  \0  \t  \0 377 377 377 377 377 377 377 377 377 377 377 377
0002060 377 377 377 377 377 377 377 377 377 377 377 377 377 377 377 377
*
0002440 377 377 377 377 377 377 377 377   2   i 357 343   # 242   L 024
0002460 224 226 027 371 320  \r 216 327   h 375   f   d  \0  \0  \0  \0
0002500  \0  \0  \0 001  \0  \0   a   @  \0  \0  \0 004  \0  \0  \0 001
0002520  \0  \0  \0 001  \0  \0  \0 001  \0  \0  \0  \0  \0  \0  \0  \0
0002540  \0  \0  \0  \0  \0  \0  \0  \0  \0  \0  \0  \0  \0  \0  \0  \0
*
===== init.sock probe (ConnectRPC) =====
/usr/bin/nc
===== connect to TCP 23456/30001/30002 ConnectRPC =====
DONE
  File "<stdin>", line 14
    req = f"POST {path} HTTP/1.1
          ^
SyntaxError: unterminated f-string literal (detected at line 14)
  File "<stdin>", line 9
    req = f"POST {path} HTTP/1.1
          ^
SyntaxError: unterminated f-string literal (detected at line 9)

