exit: 0
=== try /dev/mem ===
0000000   d   d   :       I   O       e   r   r   o   r   :       I   s
0000020       a       d   i   r   e   c   t   o   r   y  \n
0000035
crw-rw-rw- 1 root root 1, 3 Aug 20 14:35 /proc/kcore
=== dd from /proc/kcore ===
0000000   0   +   0       r   e   c   o   r   d   s       i   n  \n   0
0000020   +   0       r   e   c   o   r   d   s       o   u   t  \n   0
0000040       b   y   t   e   s       c   o   p   i   e   d   ,       0
0000060   .   0   0   0   2   0   6   8   3       s   ,       0   .   0
0000100       B   /   s  \n
0000105
=== scan mounted disk more broadly for secrets ===
/mnt/vda2/opt/vercel/apply-variables-vector.sh
/mnt/vda2/var/lib/containerd/io.containerd.snapshotter.v1.overlayfs/snapshots/6/fs/tmp/cmd_cmd_abcc0209fa844fa2bb6d618f5b46_combined.pb
/mnt/vda2/var/lib/rpm/rpmdb.sqlite
/mnt/vda2/etc/vector/internal_metrics.toml
/mnt/vda2/etc/vector/sinks/datadog_celld.toml
/mnt/vda2/etc/vector/sinks/datadog_kernel.toml
/mnt/vda2/opt/vercel/apply-variables-vector.sh
/mnt/vda2/var/lib/containerd/io.containerd.snapshotter.v1.overlayfs/snapshots/6/fs/tmp/cmd_cmd_abcc0209fa844fa2bb6d618f5b46_combined.pb
=== find vector process env (via proc from host netns impossible, try /run) ===
total 4
drwxr-xr-x+19 root root 4096 Aug 20 14:38 .
drwxr-xr-x 19 root root  252 Aug 20 14:35 ..
drwxr-xr-x  2 root root   22 Aug 20 14:35 apm
drwxr-xr-x+ 2 root root    6 Jul 24 22:25 blkid
drw-r--r--  3 root root   54 Aug 20 14:38 cell
drwxr-xr-x+ 2 root root    6 Dec 22  2025 console
drwx--x--x  9 root root  252 Aug 20 14:35 containerd
drwx------+ 2 root root    6 Aug 18 18:14 cryptsetup
drwxr-xr-x+ 2 root root    6 Dec 22  2025 faillock
drwxr-xr-x+ 3 root root   20 Aug 18 18:14 lock
drwxr-xr-x+ 2 root root    6 Aug 18 18:14 log
drwxr-xr-x  2 root root   26 Aug 20 14:35 metrics
-rw-r--r--+ 1 root root    0 Jan 30  2023 motd
drwxr-xr-x+ 2 root root    6 Jan 30  2023 motd.d
drwxr-xr-x  2 root root    6 Aug 20 14:35 mount
drwx------  3 root root   50 Aug 20 14:38 runc
drwxr-xr-x+ 2 root root    6 Dec 22  2025 sepermit
drwxr-xr-x+ 2 root root    6 Jan 30  2023 setrans
drwxr-xr-x+ 8 root root  100 Aug 18 18:14 systemd
drwxr-xr-x+ 2 root root    6 Aug 18 18:14 user
=== look for vector/systemd units ===
total 8
drwxr-xr-x+10 root root 4096 Aug 19 12:22 .
drwxr-xr-x+ 6 root root 4096 Aug 19 12:22 ..
drwxr-xr-x+ 2 root root   35 Aug 18 18:15 basic.target.wants
drwxr-xr-x+ 2 root root   27 Aug 19 12:22 containerd.service.d
lrwxrwxrwx  1 root root   37 Aug 18 18:15 ctrl-alt-del.target -> /usr/lib/systemd/system/reboot.target
lrwxrwxrwx  1 root root   43 Aug 18 18:15 dbus.service -> /usr/lib/systemd/system/dbus-broker.service
lrwxrwxrwx  1 root root   41 Aug 19 12:22 default.target -> /usr/lib/systemd/system/multi-user.target
drwxr-xr-x+ 2 root root   32 Aug 18 18:15 getty.target.wants
drwxr-xr-x+ 2 root root   99 Aug 19 12:22 multi-user.target.wants
drwxr-xr-x+ 2 root root   55 Aug 18 18:15 sockets.target.wants
drwxr-xr-x+ 2 root root   82 Aug 18 18:15 sysinit.target.wants
drwxr-xr-x+ 2 root root   27 Aug 19 12:22 systemd-hwdb-update.service.d
drwxr-xr-x+ 2 root root   26 Aug 18 18:15 timers.target.wants
=== search /run /var/lib /tmp for json/toml/env with secrets ===
/mnt/vda2/run/motd
/mnt/vda2/run/cell/ca-cert.pem
/mnt/vda2/run/cell/runc/e5244146-92ce-47d4-8ddf-f2721fc5317a/config.json
/mnt/vda2/run/cell/runc/e5244146-92ce-47d4-8ddf-f2721fc5317a/container.pid
/mnt/vda2/run/containerd/io.containerd.mount-manager.v1.bolt/mounts.db
/mnt/vda2/run/containerd/io.containerd.runtime.v2.task/default/5db0fd6f-3ccf-43b9-a152-6a2ea39c75d2/config.json
/mnt/vda2/run/containerd/io.containerd.runtime.v2.task/default/5db0fd6f-3ccf-43b9-a152-6a2ea39c75d2/shim-binary-path
/mnt/vda2/run/containerd/io.containerd.runtime.v2.task/default/5db0fd6f-3ccf-43b9-a152-6a2ea39c75d2/bootstrap.json
/mnt/vda2/run/containerd/io.containerd.runtime.v2.task/default/5db0fd6f-3ccf-43b9-a152-6a2ea39c75d2/options.json
/mnt/vda2/run/containerd/io.containerd.runtime.v2.task/default/5db0fd6f-3ccf-43b9-a152-6a2ea39c75d2/runtime
/mnt/vda2/run/containerd/io.containerd.runtime.v2.task/default/5db0fd6f-3ccf-43b9-a152-6a2ea39c75d2/log.json
/mnt/vda2/run/containerd/io.containerd.runtime.v2.task/default/5db0fd6f-3ccf-43b9-a152-6a2ea39c75d2/init.pid
/mnt/vda2/run/containerd/runc/default/5db0fd6f-3ccf-43b9-a152-6a2ea39c75d2/state.json
/mnt/vda2/run/runc/e5244146-92ce-47d4-8ddf-f2721fc5317a/state.json
/mnt/vda2/var/lib/alternatives/arptables
/mnt/vda2/var/lib/alternatives/ebtables
/mnt/vda2/var/lib/alternatives/iptables
/mnt/vda2/var/lib/alternatives/libnssckbi.so.x86_64
/mnt/vda2/var/lib/containerd/io.containerd.snapshotter.v1.overlayfs/snapshots/5/fs/bin/sh
/mnt/vda2/var/lib/containerd/io.containerd.snapshotter.v1.overlayfs/snapshots/6/fs/etc/hosts
/mnt/vda2/var/lib/containerd/io.containerd.snapshotter.v1.overlayfs/snapshots/6/fs/etc/resolv.conf
/mnt/vda2/var/lib/containerd/io.containerd.snapshotter.v1.overlayfs/snapshots/6/fs/etc/pki/ca-trust/source/anchors/vercel-proxy-ca.pem
/mnt/vda2/var/lib/containerd/io.containerd.snapshotter.v1.overlayfs/snapshots/6/fs/usr/local/share/ca-certificates/vercel-proxy-ca.crt
/mnt/vda2/var/lib/containerd/io.containerd.snapshotter.v1.overlayfs/snapshots/6/fs/tmp/cmd_cmd_abcc0209fa844fa2bb6d618f5b46_combined.pb
/mnt/vda2/var/lib/containerd/io.containerd.snapshotter.v1.overlayfs/snapshots/6/fs/tmp/cmd_cmd_43bc81d39ee846929ea29ff11787_combined.pb
/mnt/vda2/var/lib/containerd/io.containerd.snapshotter.v1.overlayfs/metadata.db
/mnt/vda2/var/lib/containerd/io.containerd.metadata.v1.bolt/meta.db
/mnt/vda2/var/lib/containerd/io.containerd.content.v1.content/blobs/sha256/cb679edd2139deec92f70fdf6832a9abfb6ff9146140b368d626de322ca7b084
/mnt/vda2/var/lib/containerd/io.containerd.content.v1.content/blobs/sha256/981c1c8c6ac4b2f2f34748e01587129dc503d7a1f7e66be584f53aea6f6f17e2
/mnt/vda2/var/lib/containerd/io.containerd.content.v1.content/blobs/sha256/2047b3a776deda2a547cb10d1d0018234c72daa22f31bbe90dd405c5ba307f29
/mnt/vda2/var/lib/containerd/io.containerd.content.v1.content/blobs/sha256/b8a280bf1a3e32acdae08544fed2204a5f19a71c2e62fc12039d6e9e13a5b5a9
/mnt/vda2/var/lib/containerd/io.containerd.content.v1.content/blobs/sha256/ce0fdc90ea1a00c92b79ae2d19c81817c9d583d4f7f68bac39629ac9f1966092
/mnt/vda2/var/lib/containerd/io.containerd.content.v1.content/blobs/sha256/506994b8d0b771e74ff03c73d470dfcb5f8416beca171e6c355563d6a45e9df3
/mnt/vda2/var/lib/dnf/history.sqlite
/mnt/vda2/var/lib/dnf/history.sqlite-shm
/mnt/vda2/var/lib/rpm/.rpm.lock
/mnt/vda2/var/lib/rpm/rpmdb.sqlite-shm
/mnt/vda2/var/lib/rpm/rpmdb.sqlite-wal
/mnt/vda2/var/lib/systemd/catalog/database
/mnt/vda2/var/lib/systemd/random-seed
=== grep those for datadog key patterns ===
=== vector configs full content ===
type = "datadog_logs"
inputs = ["celld_app"]
default_api_key = "${DATADOG_API_KEY}"
---
type = "datadog_logs"
inputs = ["kernel_remap"]
default_api_key = "${DATADOG_API_KEY}"
DONE
=== rc: 0 ===

