exit: 0
===== this session unix sockets =====
Netid State  Recv-Q Send-Q                                                                      Local Address:Port Peer Address:PortProcess                             
u_str LISTEN 0      0                                                                       /run/apm/apm.sock 549             * 0                                       
u_str LISTEN 0      0                                                   /run/containerd/containerd.sock.ttrpc 561             * 0                                       
u_str LISTEN 0      0                                                         /run/containerd/containerd.sock 562             * 0                                       
u_str LISTEN 0      0                                                                     /run/cell/cell.sock 568             * 0                                       
u_str LISTEN 0      0      /run/containerd/s/ab65cab7dc29306337ad0acede0c285f1b3652244ed0cdc2f1620b3a78983344 583             * 0                                       
u_str LISTEN 0      0                                                             /run/vercel/share/init.sock 876             * 0    users:(("sandbox-init",pid=1,fd=4))
--- /run ---
total 0
drwxr-xr-x  6 root root  60 Aug 20 13:48 .
drwxr-xr-x 19 root root 251 Aug  7 10:53 ..
drwxrwxrwt  2 root root   6 Jul 24 12:47 lock
drwxr-xr-x  2 root root   6 Aug 20 13:48 mount
drwxr-xr-x  2 root root  23 Aug  7 10:53 systemd
drwxr-xr-x  3 root root  19 Aug 19 21:41 vercel
ls: cannot access '/run/cell': No such file or directory
ls: cannot access '/run/containerd': No such file or directory
ls: cannot access '/run/apm': No such file or directory
===== bind mount /dev/vda with sudo =====
mount: /mnt/vdabind: mount() failed: Not a directory.
       dmesg(1) may have more information after failed mount system call.
exit: 32
total 0
drwxr-xr-x 2 ubuntu ubuntu  6 Aug 20 13:49 .
drwxr-xr-x 5 root   root   47 Aug 20 13:49 ..
===== dump sandbox-init memory (root, ptrace) =====
dumped regions: 18198528 bytes
--- strings on dumped mem (secrets hunt) ---
DONE

